02-06 17:19:17.306 I/native_eup(20597): Java_com_tencent_feedback_eup_jni_NativeExceptionUpload_registNativeExceptionHandler2 start
02-06 17:19:17.306 I/native_eup(20597): JARJNIVERSION:0
02-06 17:19:17.306 I/native_eup(20597): found native exception upload!
02-06 17:19:17.306 I/native_eup(20597): found native exception handler!
02-06 17:19:17.306 I/native_eup(20597): regist handler start procType 1 , level 23 , tombDir:/data/user/0/com.tencent.mobileqq/app_tombs
02-06 17:19:17.306 I/native_eup(20597): registSignal start
02-06 17:19:17.306 I/native_eup(20597): registSignal end
02-06 17:19:17.306 I/native_eup(20597): regist handler end
02-06 17:19:17.306 I/native_eup(20597): Java_com_tencent_feedback_eup_jni_NativeExceptionUpload_registNativeExceptionHandler end
02-06 17:19:17.306 I/native_eup(20597): NativeRQDVersion:testbuildnum
02-06 17:19:17.399 I/native_eup(20671): Java_com_tencent_feedback_eup_jni_NativeExceptionUpload_registNativeExceptionHandler2 start
02-06 17:19:17.399 I/native_eup(20671): JARJNIVERSION:1
02-06 17:19:17.399 I/native_eup(20671): found native exception upload!
02-06 17:19:17.399 I/native_eup(20671): found native exception handler!
02-06 17:19:17.399 I/native_eup(20671): regist handler start procType 1 , level 23 , tombDir:/data/user/0/com.tencent.mobileqq/app_tombs
02-06 17:19:17.399 I/native_eup(20671): registSignal start
02-06 17:19:17.399 I/native_eup(20671): registSignal end
02-06 17:19:17.399 I/native_eup(20671): regist handler end
02-06 17:19:17.399 I/native_eup(20671): Java_com_tencent_feedback_eup_jni_NativeExceptionUpload_registNativeExceptionHandler end
02-06 17:19:17.399 I/native_eup(20671): NativeRQDVersion:testbuildnum
02-06 17:19:17.399 I/native_eup(20671): Java_com_tencent_feedback_eup_jni_NativeExceptionUpload_registNativeExceptionHandler2 start
02-06 17:19:17.399 I/native_eup(20671): JARJNIVERSION:0
02-06 17:19:17.399 I/native_eup(20671): found native exception upload!
02-06 17:19:17.399 I/native_eup(20671): found native exception handler!
02-06 17:19:17.399 I/native_eup(20671): regist handler start procType 1 , level 23 , tombDir:/data/user/0/com.tencent.mobileqq/app_tombs
02-06 17:19:17.399 I/native_eup(20671): registSignal start
02-06 17:19:17.399 I/native_eup(20671): registSignal end
02-06 17:19:17.399 I/native_eup(20671): regist handler end
02-06 17:19:17.399 I/native_eup(20671): Java_com_tencent_feedback_eup_jni_NativeExceptionUpload_registNativeExceptionHandler end
02-06 17:19:17.399 I/native_eup(20671): NativeRQDVersion:testbuildnum
02-06 17:19:17.405 D/cocos2d-x debug info(21353): startGameNetWork(659)CGameConnection::startGameNetWork new SocketThread
02-06 17:19:17.405 D/cocos2d-x debug info(21353): SocketThread(58)init mutext
02-06 17:19:17.405 D/cocos2d-x debug info(21353): isServerConfigTypeEnabled(382)isServerConfigTypeEnabled(382):0 return true
02-06 17:19:17.405 D/cocos2d-x debug info(21353): getCurrentServerIp(561)getCurrentServerIp(561):FOUND can use server for 0 115.159.48.163
02-06 17:19:17.405 D/cocos2d-x debug info(21353): getCurrentServerIp(581)getCurrentServerIp(581):switch ip.....to 0
02-06 17:19:17.405 D/cocos2d-x debug info(21353): startGameNetWork(670)CGameConnection::startGameNetWork s_pSocketThread start 115.159.48.163 
02-06 17:19:17.405 D/cocos2d-x debug info(21353): isServerConfigTypeEnabled(382)isServerConfigTypeEnabled(382):0 return true
02-06 17:19:17.405 D/cocos2d-x debug info(21353): getCurrentServerIp(561)getCurrentServerIp(561):FOUND can use server for 0 115.159.48.163
02-06 17:19:17.405 D/cocos2d-x debug info(21353): getCurrentServerIp(581)getCurrentServerIp(581):switch ip.....to 0
02-06 17:19:17.405 D/cocos2d-x debug info(21353): start(133)clear msg list at first
02-06 17:19:17.405 D/cocos2d-x debug info(21353): start(143)clear send msg list at first
02-06 17:19:17.405 D/cocos2d-x debug info(21353): start(157)start socket thread,ip=115.159.48.163, port=17768
02-06 17:19:17.405 D/Device Model(21353): SimpleAudioEngine() - deviceModel = H60-L01
02-06 17:19:17.406 D/cocos2d-x debug info(21353): start_thread(508)ipv4 thred->getServerIp(): 115.159.48.163
02-06 17:19:17.408 D/HwActivityManagerService( 4261): handleANRFilterFIFO,uid = 10046cmd = 0
02-06 17:19:17.410 I/AudioFlinger( 3802): acquireWakeLock_l() AudioOut_6 mType: 0 status 0
02-06 17:19:17.410 I/AudioFlinger( 3802): updateWakeLockUids_l() AudioOut_6 mType: 0 status 0
02-06 17:19:17.413 I/MediaPlayer(21353): setDataSource(64, 15738836, 1444876)
02-06 17:19:17.415 I/MediaPlayerFactory( 3802): is mp3 file ret =  0
02-06 17:19:17.415 D/NuPlayer( 3802): hw fadein is disabled!
02-06 17:19:17.416 D/HwActivityManagerService( 4261): handleANRFilterFIFO,uid = 10046cmd = 1
02-06 17:19:17.423 D/HwActivityManagerService( 4261): handleANRFilterFIFO,uid = 10046cmd = 0
02-06 17:19:17.430 D/HwActivityManagerService( 4261): handleANRFilterFIFO,uid = 10046cmd = 1
02-06 17:19:17.431 V/MediaExtractor( 3802): Autodetected media content as 'audio/mpeg' with confidence 0.20
02-06 17:19:17.432 D/FileSource( 3802): [IsOnlineCache] fileSize:[21465768]
02-06 17:19:17.432 D/FileSource( 3802): [IsOnlineCache] isOnlineCache:[1]
02-06 17:19:17.432 W/MP3Extractor( 3802): [MP3Extractor.cpp:MP3Extractor:419]#, File is Online
02-06 17:19:17.432 D/HwExtendedExtractor( 3802): extended extractor not needed, return default
02-06 17:19:17.434 D/NuPlayerDriver( 3802): notifyListener_l(0xb73025a8), (1, 0, 0)
02-06 17:19:17.434 D/MediaPlayer(21353): Message: MEDIA_PREPARED(1), ext1=0, ext2=0x0
02-06 17:19:17.434 D/MediaPlayer(21353): [virtual void android::MediaPlayer::notify(int, int, int, const android::Parcel *)] : [1107] callback app listenerNotNull=1, send=1
02-06 17:19:17.435 D/MediaPlayer(21353): [virtual void android::MediaPlayer::notify(int, int, int, const android::Parcel *)] : [1111] callback application
02-06 17:19:17.435 D/MediaPlayer(21353): setSubtitleAnchor in MediaPlayer
02-06 17:19:17.435 D/MediaPlayer(21353): setSubtitleAnchor in MediaPlayer
02-06 17:19:17.439 I/System.out(20671): [/system/bin/sh, -c, getprop]
02-06 17:19:17.439 I/System.out(20671): null
02-06 17:19:17.439 I/System.out(20671): null
02-06 17:19:17.439 I/System.out(20671): Calling by::className:com.tencent.bugly.proguard.y  MethodName:a
02-06 17:19:17.443 I/MediaPlayer(21353): [HSM] stayAwake false uid: 10103, pid: 21353
02-06 17:19:17.444 E/HsmCoreServiceImpl( 4261): onTransact in code is: 102
02-06 17:19:17.444 I/MediaProcessHandler( 4261): processOp opType: 1, uid: 10103, pid: 21353
02-06 17:19:17.444 W/MediaProcessHandler( 4261): remove target not exist, maybe the UI process: uid: 10103, pid: 21353
02-06 17:19:17.444 D/NuPlayerDriver( 3802): stop(0xb73025a8)
02-06 17:19:17.444 D/MediaPlayer(21353): Action:stop, CurrentState:MEDIA_PLAYER_STOPPED
02-06 17:19:17.445 D/NuPlayerDriver( 3802): prepareAsync():just change to STATE_PREPARED
02-06 17:19:17.445 D/NuPlayerDriver( 3802): notifyListener_l(0xb73025a8), (1, 0, 0)
02-06 17:19:17.445 D/MediaPlayer(21353): Message: MEDIA_PREPARED(1), ext1=0, ext2=0x0
02-06 17:19:17.445 D/MediaPlayer(21353): [virtual void android::MediaPlayer::notify(int, int, int, const android::Parcel *)] : [1107] callback app listenerNotNull=1, send=1
02-06 17:19:17.445 D/MediaPlayer(21353): [virtual void android::MediaPlayer::notify(int, int, int, const android::Parcel *)] : [1111] callback application
02-06 17:19:17.446 D/NuPlayerDriver( 3802): seekTo(0xb73025a8) 0 ms
02-06 17:19:17.446 D/NuPlayerDriver( 3802): notifyListener_l(0xb73025a8), (7, 0, 0)
02-06 17:19:17.446 I/NuPlayerDriver( 3802): NuPlayerDriver,seekTimeUs: 0
02-06 17:19:17.446 I/NuPlayer( 3802): NuPlayer::canSeek,mSourceFlags = 15 
02-06 17:19:17.447 I/NuPlayer( 3802): NuPlayer::canSeek,mSourceFlags = 15 
02-06 17:19:17.447 D/MediaPlayer(21353): Message: Unknown MediaEventType(7), ext1=0, ext2=0x0
02-06 17:19:17.447 I/GenericSource( 3802): start
02-06 17:19:17.447 D/MediaPlayer(21353): [virtual void android::MediaPlayer::notify(int, int, int, const android::Parcel *)] : [1107] callback app listenerNotNull=1, send=1
02-06 17:19:17.447 D/MediaPlayer(21353): [virtual void android::MediaPlayer::notify(int, int, int, const android::Parcel *)] : [1111] callback application
02-06 17:19:17.447 I/MediaPlayer(21353): [HSM] stayAwake true uid: 10103, pid: 21353
02-06 17:19:17.447 E/HsmCoreServiceImpl( 4261): onTransact in code is: 102
02-06 17:19:17.448 I/MediaProcessHandler( 4261): processOp opType: 0, uid: 10103, pid: 21353
02-06 17:19:17.448 D/NuPlayerDriver( 3802): start(0xb73025a8), state is 4, eos is 0
02-06 17:19:17.448 D/MediaPlayer(21353): Action:start, CurrentState:MEDIA_PLAYER_STARTED
02-06 17:19:17.449 D/cocos2d-x debug info(21353): start_thread(520)connected
02-06 17:19:17.449 I/[Gralloc]( 3709): alloc w[1080] h[1794] format[1] usage[2816]
02-06 17:19:17.454 W/Utils   ( 3802): File is Online
02-06 17:19:17.455 D/NuPlayerDriver( 3802): notifyListener_l(0xb73025a8), (4, 0, 0)
02-06 17:19:17.456 D/MediaPlayer(21353): Message: MEDIA_SEEK_COMPLETE(4), ext1=0, ext2=0x0
02-06 17:19:17.456 D/MediaPlayer(21353): [virtual void android::MediaPlayer::notify(int, int, int, const android::Parcel *)] : [1107] callback app listenerNotNull=1, send=1
02-06 17:19:17.456 D/MediaPlayer(21353): [virtual void android::MediaPlayer::notify(int, int, int, const android::Parcel *)] : [1111] callback application
02-06 17:19:17.457 W/Utils   ( 3802): File is Online
02-06 17:19:17.458 I/NuPlayer( 3802): NuPlayer::canSeek,mSourceFlags = 15 
02-06 17:19:17.467 I/[Gralloc]( 3709): alloc succ handle[0xb77b69a8] stride[1120]
02-06 17:19:17.470 E/OMXNodeInstance( 3802): setConfig(5e:google.mp3.decoder, ConfigPriority(0x6f800002)) ERROR: Undefined(0x80001001)
02-06 17:19:17.470 I/ACodec  ( 3802): codec does not support config priority (err -2147483648)
02-06 17:19:17.471 I/MediaCodec( 3802): MediaCodec will operate in async mode
02-06 17:19:17.472 I/NuPlayer( 3802): performSeek before, mIsSeeking should to change to false
02-06 17:19:17.473 D/cocos2d-x debug info(21353): server_msg_process(693)server_msg_process(693):m_currentSvrIdx = 0
02-06 17:19:17.473 D/cocos2d-x debug info(21353): refreshServerConfigTypeEnabled(305)refreshServerConfigTypeEnabled(305):set tencent_bpg_fail_start_time 0_ture3
02-06 17:19:17.473 D/cocos2d-x debug info(21353): refreshServerConfigTypeEnabled(308)refreshServerConfigTypeEnabled(308):set tencent_bpg_fail_counter 0_ture4
02-06 17:19:17.473 I/[Gralloc]( 3709): alloc w[1080] h[1794] format[1] usage[2816]
02-06 17:19:17.498 I/APM::AudioPolicyManager( 3802): startOutput() output 6, stream 3, session 283
02-06 17:19:17.498 I/APM::AudioPolicyManager( 3802): getNewOutputDevice() selected device 2
02-06 17:19:17.498 I/APM::AudioPolicyManager( 3802): setOutputDevice() device 0x0002 delayMs 0
02-06 17:19:17.498 I/APM::AudioPolicyManager( 3802): setOutputDevice() prevDevice 0x0002
02-06 17:19:17.498 I/APM::AudioPolicyManager( 3802): setOutputDevice() changing to device 0x0002 , muteWaitMs 0
02-06 17:19:17.499 I/[Gralloc]( 3709): alloc succ handle[0xb77c5550] stride[1120]
02-06 17:19:17.502 I/dsp_hifi_ctl( 3802): DTS_ERR_keyValuePairs (0) srs_cfg:trumedia_enable=1
02-06 17:19:17.502 I/APM::AudioPolicyManager( 3802): checkAndSetVolume: index 5 device 0x2
02-06 17:19:17.502 I/APM::AudioPolicyManager( 3802): checkAndSetVolume: index 7 device 0x2
02-06 17:19:17.502 I/APM::AudioPolicyManager( 3802): checkAndSetVolume: index 7 device 0x2
02-06 17:19:17.502 I/APM::AudioPolicyManager( 3802): checkAndSetVolume: index 1 device 0x2
02-06 17:19:17.502 I/APM::AudioPolicyManager( 3802): checkAndSetVolume: index 7 device 0x2
02-06 17:19:17.502 I/APM::AudioPolicyManager( 3802): checkAndSetVolume: index 7 device 0x2
02-06 17:19:17.502 I/APM::AudioPolicyManager( 3802): checkAndSetVolume: index 7 device 0x2
02-06 17:19:17.502 I/APM::AudioPolicyManager( 3802): checkAndSetVolume: index 7 device 0x2
02-06 17:19:17.502 I/APM::AudioPolicyManager( 3802): checkAndSetVolume: index 15 device 0x2
02-06 17:19:17.502 I/APM::AudioPolicyManager( 3802): checkAndSetVolume: index 1 device 0x2
02-06 17:19:17.502 I/APM::AudioPolicyManager( 3802): checkAndSetVolume: index 1 device 0x2
02-06 17:19:17.502 I/APM::AudioPolicyManager( 3802): checkAndSetVolume: index 1 device 0x2
02-06 17:19:17.502 I/APM::AudioPolicyManager( 3802): checkAndSetVolume: index 1 device 0x2
02-06 17:19:17.504 D/NuPlayerDriver( 3802): notifyListener_l(0xb73025a8), (6, 0, 0)
02-06 17:19:17.505 D/MediaPlayer(21353): Message: Unknown MediaEventType(6), ext1=0, ext2=0x0
02-06 17:19:17.505 D/MediaPlayer(21353): [virtual void android::MediaPlayer::notify(int, int, int, const android::Parcel *)] : [1107] callback app listenerNotNull=1, send=1
02-06 17:19:17.505 D/MediaPlayer(21353): [virtual void android::MediaPlayer::notify(int, int, int, const android::Parcel *)] : [1111] callback application
02-06 17:19:17.506 I/[Gralloc]( 3709): alloc w[1080] h[1794] format[1] usage[2816]
02-06 17:19:17.512 I/AudioFlinger( 3802): updateWakeLockUids_l() AudioOut_6 mType: 0 status 0
02-06 17:19:17.512 V/SRS_ProcT( 3802): CFG for 0xb72c6f10
02-06 17:19:17.512 V/SRS_Routing( 3802): ResolveRoute 1: 2 2
02-06 17:19:17.512 V/SRS_Routing( 3802): ResolveRoute 2: 2 2
02-06 17:19:17.513 V/SRS_Routing( 3802): ResolveRoute 3: 2 2
02-06 17:19:17.513 V/SRS_ProcT( 3802): CFG HLimit: 1
02-06 17:19:17.513 D/PhoneStateManager( 6044): SESSION_ID_NEW, containsKey, pid: 3802, mValue: 283, 1013
02-06 17:19:17.514 I/audio_hw_primary( 3802): start_output_stream : mode=0, devices=2
02-06 17:19:17.534 I/[Gralloc]( 3709): alloc succ handle[0xb78ca418] stride[1120]
02-06 17:19:17.573 D/cocos2d-x debug info(21353): setIsVisitorLogin(306)#### NOTE:other no IOS plotform, CAN NOT SET VISITOR MODE
02-06 17:19:17.577 V/MicroMsg.SDK.WXApiImplV10.ActivityLifecycleCb(21353): WXStat trigger onForeground
02-06 17:19:17.585 I/HwActivityManagerService( 4261): ProcessRecord ProcessRecord{11217c5 20671:0:com.tencent.mobileqq/u0a46} is not a cloned process
02-06 17:19:17.588 I/System.out(20671): [/system/bin/sh, -c, type su]
02-06 17:19:17.588 I/System.out(20671): null
02-06 17:19:17.588 I/System.out(20671): null
02-06 17:19:17.588 I/System.out(20671): Calling by::className:com.tencent.bugly.proguard.y  MethodName:a
02-06 17:19:17.609 W/ActivityManager( 4261): getTasks: caller 10099 does not hold REAL_GET_TASKS; limiting output
02-06 17:19:17.630 D/WifiManager(20671): Enter init, sThreadRefCount:0
02-06 17:19:17.630 D/WifiService( 4261): getWifiServiceMessenger, pid:20671, uid:10046
02-06 17:19:17.630 D/WifiManager(20671): Create WifiManager handlerthread
02-06 17:19:17.633 D/WifiService( 4261): New client listening to asynchronous messages
02-06 17:19:17.633 W/ActivityManager( 4261): getRunningAppProcesses: caller 10046 does not hold REAL_GET_TASKS; limiting output
02-06 17:19:17.655 D/AudioFlinger( 3802): mixer(0xb727d740) throttle end: throttle time(69)
02-06 17:19:17.701 I/System  (20671): core_booster, getBoosterConfig = false
02-06 17:19:17.841 D/SensorHub( 4261): -------------------------->SENSOR_TYPE_PROXIMITY data[0] = 0.000000
02-06 17:19:18.007 D/WifiHW  ( 4261): wifi_send_command: cmd:'IFNAME=wlan0 SIGNAL_POLL'
02-06 17:19:18.007 D/wpa_supplicant( 4417): wlan0: Control interface command 'SIGNAL_POLL'
02-06 17:19:18.018 E/WifiConfigStore( 4261): updateConfiguration freq=2422 BSSID=84:82:f4:32:9c:f9 RSSI=-47 "SZXX-1202"WPA_PSK
02-06 17:19:18.032 I/[Gralloc]( 3709): alloc w[422] h[1048] format[1] usage[2816]
02-06 17:19:18.038 I/[Gralloc]( 3709): alloc succ handle[0xb7843dd8] stride[480]
02-06 17:19:18.047 I/[Gralloc]( 3709): alloc w[422] h[1048] format[1] usage[2816]
02-06 17:19:18.053 I/[Gralloc]( 3709): alloc succ handle[0xb78b0f38] stride[480]
02-06 17:19:18.413 D/HwArpVerifier( 4261): check_wifi_state_mode = 0 mCheckStateToken=26 token26
02-06 17:19:18.415 D/HwArpVerifier( 4261): 192.168.1.114    0x1         0x2         b8:98:f7:58:7c:bd     *        wlan0
02-06 17:19:18.415 D/HwArpVerifier( 4261): 192.168.1.1      0x1         0x6         c4:8f:07:14:48:eb     *        wlan0
02-06 17:19:18.415 D/HwArpVerifier( 4261): 192.168.1.115    0x1         0x2         a4:44:d1:ce:fe:33     *        wlan0
02-06 17:19:18.415 D/HwArpVerifier( 4261): 192.168.1.31     0x1         0x2         00:cf:e0:3c:ed:4e     *        wlan0
02-06 17:19:18.415 D/HwArpVerifier( 4261): 192.168.1.250    0x1         0x2         c0:1a:da:12:60:79     *        wlan0
02-06 17:19:18.416 D/HwArpVerifier( 4261): 192.168.1.124    0x1         0x0         00:00:00:00:00:00     *        wlan0
02-06 17:19:18.416 D/HwArpVerifier( 4261): 192.168.1.49     0x1         0x2         c0:9a:71:2d:0a:d1     *        wlan0
02-06 17:19:18.416 D/HwArpVerifier( 4261): 192.168.1.196    0x1         0x2         a4:44:d1:92:1e:2f     *        wlan0
02-06 17:19:18.416 D/wifiserviceimpl( 4261): netmask =16777215
02-06 17:19:18.417 D/HwArpVerifier( 4261): ARP wlan0,addr: /192.168.1.245
02-06 17:19:18.481 D/HWMultiGW( 4261): setGateWay 192.168.1.1
02-06 17:19:19.250 D/gpsd    ( 8103): WakeLock(Acquire,GPSD)
02-06 17:19:19.250 D/gpsd    ( 8103): WakeLock(Release,GPSD)
02-06 17:19:19.259 I/SendBroadcastPermission( 4261): action:android.intent.action.SIG_STR, mPermissionType:0
02-06 17:19:19.260 I/ActivityManager( 4261): collectReceiverComponents for intent: Intent { act=android.intent.action.SIG_STR flg=0x20000010 (has extras) }, receivers: null
02-06 17:19:19.260 D/cell strength( 6014): ===== cell singal strength changed : -46
02-06 17:19:19.260 I/MQoS    ( 4261): onSignal: mSubId=0,currDataSubID=0
02-06 17:19:19.261 I/MQoS    ( 4261): received cell-signal:5
02-06 17:19:19.261 D/NetworkController.MobileSignalController(0)( 4891): mSimSubId:0 onSignalStrengthsChanged signalStrength=SignalStrength: -46 0 -89 255 -1 -1 -1 -1 -1 -1 0 0 0 -1 false gw|lte level=4
02-06 17:19:19.261 D/NetworkController.MobileSignalController(0)( 4891):  mDataNetType:17 indexOfkey:14 iconGroup.mName:TDS roaming:false
02-06 17:19:19.265 W/ActivityManager( 4261): getRunningAppProcesses: caller 10046 does not hold REAL_GET_TASKS; limiting output
02-06 17:19:19.270 I/HwCustMobileSignalControllerImpl( 4891): subId:0 phoneType:1 networktype:17 targetClass:2 masterLevel:4 slaveLevel:4
02-06 17:19:19.510 D/HwArpVerifier( 4261): There are 1 mac address for gateway 
02-06 17:19:19.510 D/HwArpVerifier( 4261): mac is static ARP: c4:8f:07:14:48:eb
02-06 17:19:19.510 D/HwArpVerifier( 4261): from HEART_CHECK transmit to state:HEART_CHECK
02-06 17:19:19.510 D/HwArpVerifier( 4261): msg what=124 arg1(token)=26 arg2(mode)=0 delay=30000
02-06 17:19:19.511 D/HwArpVerifier( 4261): performPollAndLog:
02-06 17:19:19.529 D/hw_netstat( 4261): total/3353/6937,com.highlight.mjhb/1926/4717,com.tencent.mobileqq/640/1783,unknown:0/735/385,com.tencent.mtt/52/52
02-06 17:19:20.636 V/AudioManager(21353): playSoundEffect   effectType: 0
02-06 17:19:20.636 V/AudioManager(21353): querySoundEffectsEnabled...
02-06 17:19:20.683 I/[Gralloc]( 3709): alloc w[1080] h[1794] format[1] usage[2816]
02-06 17:19:20.703 I/[Gralloc]( 3709): alloc succ handle[0xb78c5b28] stride[1120]
02-06 17:19:21.024 D/WifiHW  ( 4261): wifi_send_command: cmd:'IFNAME=wlan0 SIGNAL_POLL'
02-06 17:19:21.024 D/wpa_supplicant( 4417): wlan0: Control interface command 'SIGNAL_POLL'
02-06 17:19:21.036 E/WifiConfigStore( 4261): updateConfiguration freq=2422 BSSID=84:82:f4:32:9c:f9 RSSI=-46 "SZXX-1202"WPA_PSK
02-06 17:19:21.166 I/art     ( 4261): Starting a blocking GC Explicit
02-06 17:19:21.338 I/art     ( 4261): Explicit concurrent mark sweep GC freed 19493(1175KB) AllocSpace objects, 7(196KB) LOS objects, 23% free, 53MB/69MB, paused 1.747ms total 171.760ms
02-06 17:19:21.338 I/art     ( 4261): WaitForGcToComplete blocked for 63.159ms for cause HeapTrim
02-06 17:19:21.519 E/Thermal-daemon( 3725): [ap] temp_new :35  temp_old :33
02-06 17:19:21.519 E/Thermal-daemon( 3725): Report temperature: [ap] temp :35  report_threshold:1
02-06 17:19:21.566 D/ThermalStateManager( 6044): Thermal type: 0 cur_temperature:35
02-06 17:19:24.041 D/WifiHW  ( 4261): wifi_send_command: cmd:'IFNAME=wlan0 SIGNAL_POLL'
02-06 17:19:24.041 D/wpa_supplicant( 4417): wlan0: Control interface command 'SIGNAL_POLL'
02-06 17:19:24.048 E/WifiConfigStore( 4261): updateConfiguration freq=2422 BSSID=84:82:f4:32:9c:f9 RSSI=-44 "SZXX-1202"WPA_PSK
02-06 17:19:24.534 D/HwArpVerifier( 4261): performPollAndLog:
02-06 17:19:24.566 D/hw_netstat( 4261): total/913/210,unknown:0/747/80,com.highlight.mjhb/166/130
02-06 17:19:25.166 D/SensorHub( 4261): -------------------------->SENSOR_TYPE_PROXIMITY data[0] = 5.000000
02-06 17:19:25.267 I/MQoS    ( 4261): onSignal: mSubId=0,currDataSubID=0
02-06 17:19:25.267 I/MQoS    ( 4261): received cell-signal:5
02-06 17:19:25.268 D/NetworkController.MobileSignalController(0)( 4891): mSimSubId:0 onSignalStrengthsChanged signalStrength=SignalStrength: -49 0 -91 255 -1 -1 -1 -1 -1 -1 0 0 0 -1 false gw|lte level=4
02-06 17:19:25.269 D/NetworkController.MobileSignalController(0)( 4891):  mDataNetType:17 indexOfkey:14 iconGroup.mName:TDS roaming:false
02-06 17:19:25.273 D/cell strength( 6014): ===== cell singal strength changed : -49
02-06 17:19:25.281 I/SendBroadcastPermission( 4261): action:android.intent.action.SIG_STR, mPermissionType:0
02-06 17:19:25.281 I/ActivityManager( 4261): collectReceiverComponents for intent: Intent { act=android.intent.action.SIG_STR flg=0x20000010 (has extras) }, receivers: null
02-06 17:19:25.285 W/ActivityManager( 4261): getRunningAppProcesses: caller 10046 does not hold REAL_GET_TASKS; limiting output
02-06 17:19:25.289 I/HwCustMobileSignalControllerImpl( 4891): subId:0 phoneType:1 networktype:17 targetClass:2 masterLevel:4 slaveLevel:4
02-06 17:19:26.044 D/SensorHub( 4261): -------------------------->SENSOR_TYPE_PROXIMITY data[0] = 0.000000
02-06 17:19:27.054 D/WifiHW  ( 4261): wifi_send_command: cmd:'IFNAME=wlan0 SIGNAL_POLL'
02-06 17:19:27.054 D/wpa_supplicant( 4417): wlan0: Control interface command 'SIGNAL_POLL'
02-06 17:19:27.061 E/WifiConfigStore( 4261): updateConfiguration freq=2422 BSSID=84:82:f4:32:9c:f9 RSSI=-46 "SZXX-1202"WPA_PSK
